 KRNL32

 Timestamp is 53768f09 (Fri May 16 18:19:53 2014)

 Preferred load address is 00100000

 Start         Length     Name                   Class
 0001:00000000 000006c8H .text                   CODE
 0002:00000000 00000122H .rdata                  DATA
 0003:00000000 00000004H .CRT$XCA                DATA
 0003:00000004 00000004H .CRT$XCZ                DATA
 0003:00000008 00000018H .data                   DATA
 0003:00000020 0000003cH .bss                    DATA
 0004:00000000 00000058H .rsrc$01                DATA
 0004:00000060 00000380H .rsrc$02                DATA

  Address         Publics by Value              Rva+Base       Lib:Object

 0000:00000000       ___safe_se_handler_table   00000000     <absolute>
 0000:00000000       ___safe_se_handler_count   00000000     <absolute>
 0001:00000000       ?DebugClrScr@@YAXG@Z       00100400 f   DebugDisplay.obj
 0001:00000060       ?DebugPuts@@YAXPAD@Z       00100460 f   DebugDisplay.obj
 0001:000000b0       ?DebugPrintf@@YAHPBDZZ     001004b0 f   DebugDisplay.obj
 0001:000002f0       ?DebugSetColor@@YAII@Z     001006f0 f   DebugDisplay.obj
 0001:00000310       ?DebugGotoXY@@YAXII@Z      00100710 f   DebugDisplay.obj
 0001:00000340       ?DebugPutc@@YAXE@Z         00100740 f   DebugDisplay.obj
 0001:000003f0       ?itoa@@YAXIIPAD@Z          001007f0 f   DebugDisplay.obj
 0001:000004c0       ?itoa_s@@YAXHIPAD@Z        001008c0 f   DebugDisplay.obj
 0001:00000500       ?kernel_entry@@YAXXZ       00100900 f   entry.obj
 0001:00000540       _main                      00100940 f   main.obj
 0001:00000630       ?strlen@@YAIPBD@Z          00100a30 f   Lib:string.obj
 0001:00000650       ?Exit@@YAXXZ               00100a50 f   Lib:cstd.obj
 0001:00000690       ?InitializeConstructors@@YAXXZ 00100a90 f   Lib:cstd.obj
 0003:00000000       ?__xc_a@@3PAP6AXXZA        00100e00     Lib:cstd.obj
 0003:00000004       ?__xc_z@@3PAP6AXXZA        00100e04     Lib:cstd.obj
 0003:00000008       ?bchars@@3PADA             00100e08     DebugDisplay.obj
 0003:0000001c       __fltused                  00100e1c     Lib:cstd.obj
 0003:00000034       ?tbuf@@3PADA               00100e34     DebugDisplay.obj

 entry point at        0000:00000000

 Static symbols

 0001:000002ac       $LN19                      001006ac     DebugDisplay.obj
 0001:000002c0       $LN18                      001006c0     DebugDisplay.obj
 0002:00000000       $SG2558                    00100c00     main.obj
 0002:00000030       $SG2559                    00100c30     main.obj
 0002:00000060       $SG2560                    00100c60     main.obj
 0002:00000090       $SG2561                    00100c90     main.obj
 0002:000000b8       $SG2562                    00100cb8     main.obj
 0002:000000e0       $SG2563                    00100ce0     main.obj
 0002:000000e8       $SG2564                    00100ce8     main.obj
 0002:000000f0       $SG2565                    00100cf0     main.obj
 0003:00000018       _max_atexitlist_entries    00100e18     Lib:cstd.obj
 0003:00000020       __xPos                     00100e20     DebugDisplay.obj
 0003:00000024       __yPos                     00100e24     DebugDisplay.obj
 0003:00000028       __startX                   00100e28     DebugDisplay.obj
 0003:0000002c       __startY                   00100e2c     DebugDisplay.obj
 0003:00000030       __color                    00100e30     DebugDisplay.obj
 0003:00000054       _pf_atexitlist             00100e54     Lib:cstd.obj
 0003:00000058       _cur_atexitlist_entries    00100e58     Lib:cstd.obj
 0004:00000060       $R000000                   00101060     Resource.res
